开始测试...
当前目录: E:\jianzhiworkspace\gryspd
[OK] database 模块导入成功
[OK] 数据库初始化成功
[OK] 读取流水成功，共 0 条
[OK] 读取内部转账成功，共 0 条
[OK] 月度统计成功: 收入 0.0, 支出 0.0
[OK] transfer_engine 模块导入成功
[OK] 候选匹配成功，找到 0 个候选
[OK] 未匹配关键词检测成功，找到 0 条

[DONE] 所有核心功能测试通过！
